2026-04-29 15:29:45.212 Df ozi-rs[39342:287a6e] [com.apple.WebKit:ProcessSuspension] 0x1211152f0 - [PID=39389, throttler=0x1210eccd0] ProcessThrottler::Activity::invalidate: Ending foreground activity / 'WebPageProxy::runJavaScriptInFrameInScriptWorld'
2026-04-29 15:29:45.216 Df ozi-rs[39342:287bc8] [com.apple.WebKit:Process] WebContent[39389] 0x73b420008 - [webPageID=36] WebPage::runJavaScriptInFrameInScriptWorld: Request to run JavaScript succeeded
2026-04-29 15:29:45.216 Df ozi-rs[39342:287bc8] [com.apple.WebKit:Process] WebContent[39389] 0x73b420008 - [webPageID=36] WebPage::runJavaScriptInFrameInScriptWorld: frameID=0
2026-04-29 15:29:45.216 Df ozi-rs[39342:287a6e] [com.apple.WebKit:ProcessSuspension] 0x121115350 - [PID=39389, throttler=0x1210eccd0] ProcessThrottler::Activity::invalidate: Ending foreground activity / 'WebPageProxy::runJavaScriptInFrameInScriptWorld'
2026-04-29 15:29:45.220 Df ozi-rs[39342:287bc8] [com.apple.WebKit:Process] WebContent[39389] 0x73b420008 - [webPageID=36] WebPage::runJavaScriptInFrameInScriptWorld: Request to run JavaScript succeeded
2026-04-29 15:29:45.220 Df ozi-rs[39342:287bc8] [com.apple.WebKit:Process] WebContent[39389] 0x73b420008 - [webPageID=36] WebPage::runJavaScriptInFrameInScriptWorld: frameID=0
2026-04-29 15:29:45.220 Df ozi-rs[39342:287a6e] [com.apple.WebKit:ProcessSuspension] 0x1211153b0 - [PID=39389, throttler=0x1210eccd0] ProcessThrottler::Activity::invalidate: Ending foreground activity / 'WebPageProxy::runJavaScriptInFrameInScriptWorld'
2026-04-29 15:29:45.223 Df ozi-rs[39342:287bc8] [com.apple.WebKit:Process] WebContent[39389] 0x73b420008 - [webPageID=36] WebPage::runJavaScriptInFrameInScriptWorld: Request to run JavaScript succeeded
2026-04-29 15:29:45.223 Df ozi-rs[39342:287bc8] [com.apple.WebKit:Process] WebContent[39389] 0x73b420008 - [webPageID=36] WebPage::runJavaScriptInFrameInScriptWorld: frameID=0
2026-04-29 15:29:45.223 Df ozi-rs[39342:287a6e] [com.apple.WebKit:ProcessSuspension] 0x121115410 - [PID=39389, throttler=0x1210eccd0] ProcessThrottler::Activity::invalidate: Ending foreground activity / 'WebPageProxy::runJavaScriptInFrameInScriptWorld'
2026-04-29 15:29:45.226 Df ozi-rs[39342:287bc8] [com.apple.WebKit:Process] WebContent[39389] 0x73b420008 - [webPageID=36] WebPage::runJavaScriptInFrameInScriptWorld: Request to run JavaScript succeeded
2026-04-29 15:29:45.226 Df ozi-rs[39342:287bc8] [com.apple.WebKit:Process] WebContent[39389] 0x73b420008 - [webPageID=36] WebPage::runJavaScriptInFrameInScriptWorld: frameID=0
2026-04-29 15:29:45.226 Df ozi-rs[39342:287a6e] [com.apple.WebKit:ProcessSuspension] 0x121115470 - [PID=39389, throttler=0x1210eccd0] ProcessThrottler::Activity::invalidate: Ending foreground activity / 'WebPageProxy::runJavaScriptInFrameInScriptWorld'
2026-04-29 15:29:45.229 Df ozi-rs[39342:287bc8] [com.apple.WebKit:Process] WebContent[39389] 0x73b420008 - [webPageID=36] WebPage::runJavaScriptInFrameInScriptWorld: Request to run JavaScript succeeded
2026-04-29 15:29:45.229 Df ozi-rs[39342:287bc8] [com.apple.WebKit:Process] WebContent[39389] 0x73b420008 - [webPageID=36] WebPage::runJavaScriptInFrameInScriptWorld: frameID=0
2026-04-29 15:29:45.229 Df ozi-rs[39342:287a6e] [com.apple.WebKit:ProcessSuspension] 0x1211154d0 - [PID=39389, throttler=0x1210eccd0] ProcessThrottler::Activity::invalidate: Ending foreground activity / 'WebPageProxy::runJavaScriptInFrameInScriptWorld'
2026-04-29 15:29:45.232 Df ozi-rs[39342:287bc8] [com.apple.WebKit:Process] WebContent[39389] 0x73b420008 - [webPageID=36] WebPage::runJavaScriptInFrameInScriptWorld: Request to run JavaScript succeeded
2026-04-29 15:29:45.232 Df ozi-rs[39342:287bc8] [com.apple.WebKit:Process] WebContent[39389] 0x73b420008 - [webPageID=36] WebPage::runJavaScriptInFrameInScriptWorld: frameID=0
2026-04-29 15:29:45.232 Df ozi-rs[39342:287a6e] [com.apple.WebKit:ProcessSuspension] 0x121115530 - [PID=39389, throttler=0x1210eccd0] ProcessThrottler::Activity::invalidate: Ending foreground activity / 'WebPageProxy::runJavaScriptInFrameInScriptWorld'
2026-04-29 15:29:45.234 Df ozi-rs[39342:287bc8] [com.apple.WebKit:Process] WebContent[39389] 0x73b420008 - [webPageID=36] WebPage::runJavaScriptInFrameInScriptWorld: Request to run JavaScript succeeded
2026-04-29 15:29:45.235 Df ozi-rs[39342:287bc8] [com.apple.WebKit:Process] WebContent[39389] 0x73b420008 - [webPageID=36] WebPage::runJavaScriptInFrameInScriptWorld: frameID=0
2026-04-29 15:29:45.235 Df ozi-rs[39342:287a6e] [com.apple.WebKit:ProcessSuspension] 0x121115590 - [PID=39389, throttler=0x1210eccd0] ProcessThrottler::Activity::invalidate: Ending foreground activity / 'WebPageProxy::runJavaScriptInFrameInScriptWorld'
2026-04-29 15:29:45.238 Df ozi-rs[39342:287bc8] [com.apple.WebKit:Process] WebContent[39389] 0x73b420008 - [webPageID=36] WebPage::runJavaScriptInFrameInScriptWorld: Request to run JavaScript succeeded
2026-04-29 15:29:45.238 Df ozi-rs[39342:287bc8] [com.apple.WebKit:Process] WebContent[39389] 0x73b420008 - [webPageID=36] WebPage::runJavaScriptInFrameInScriptWorld: frameID=0
2026-04-29 15:29:45.238 Df ozi-rs[39342:287a6e] [com.apple.WebKit:ProcessSuspension] 0x1211155f0 - [PID=39389, throttler=0x1210eccd0] ProcessThrottler::Activity::invalidate: Ending foreground activity / 'WebPageProxy::runJavaScriptInFrameInScriptWorld'
2026-04-29 15:29:45.241 Df ozi-rs[39342:287bc8] [com.apple.WebKit:Process] WebContent[39389] 0x73b420008 - [webPageID=36] WebPage::runJavaScriptInFrameInScriptWorld: Request to run JavaScript succeeded
2026-04-29 15:29:45.241 Df ozi-rs[39342:287bc8] [com.apple.WebKit:Process] WebContent[39389] 0x73b420008 - [webPageID=36] WebPage::runJavaScriptInFrameInScriptWorld: frameID=0
2026-04-29 15:29:45.241 Df ozi-rs[39342:287a6e] [com.apple.WebKit:ProcessSuspension] 0x121115650 - [PID=39389, throttler=0x1210eccd0] ProcessThrottler::Activity::invalidate: Ending foreground activity / 'WebPageProxy::runJavaScriptInFrameInScriptWorld'
2026-04-29 15:29:45.244 Df ozi-rs[39342:287bc8] [com.apple.WebKit:Process] WebContent[39389] 0x73b420008 - [webPageID=36] WebPage::runJavaScriptInFrameInScriptWorld: Request to run JavaScript succeeded
2026-04-29 15:29:45.244 Df ozi-rs[39342:287bc8] [com.apple.WebKit:Process] WebContent[39389] 0x73b420008 - [webPageID=36] WebPage::runJavaScriptInFrameInScriptWorld: frameID=0
2026-04-29 15:29:45.244 Df ozi-rs[39342:287a6e] [com.apple.WebKit:ProcessSuspension] 0x1211156b0 - [PID=39389, throttler=0x1210eccd0] ProcessThrottler::Activity::invalidate: Ending foreground activity / 'WebPageProxy::runJavaScriptInFrameInScriptWorld'
2026-04-29 15:29:45.247 Df ozi-rs[39342:287bc8] [com.apple.WebKit:Process] WebContent[39389] 0x73b420008 - [webPageID=36] WebPage::runJavaScriptInFrameInScriptWorld: Request to run JavaScript succeeded
2026-04-29 15:29:45.247 Df ozi-rs[39342:287bc8] [com.apple.WebKit:Process] WebContent[39389] 0x73b420008 - [webPageID=36] WebPage::runJavaScriptInFrameInScriptWorld: frameID=0
2026-04-29 15:29:45.249 Df ozi-rs[39342:287a6e] [com.apple.WebKit:ProcessSuspension] 0x121115710 - [PID=39389, throttler=0x1210eccd0] ProcessThrottler::Activity::invalidate: Ending foreground activity / 'WebPageProxy::runJavaScriptInFrameInScriptWorld'
2026-04-29 15:29:45.251 Df ozi-rs[39342:287bc8] [com.apple.WebKit:Process] WebContent[39389] 0x73b420008 - [webPageID=36] WebPage::runJavaScriptInFrameInScriptWorld: Request to run JavaScript succeeded
2026-04-29 15:29:45.251 Df ozi-rs[39342:287bc8] [com.apple.WebKit:Process] WebContent[39389] 0x73b420008 - [webPageID=36] WebPage::runJavaScriptInFrameInScriptWorld: frameID=0
2026-04-29 15:29:45.251 Df ozi-rs[39342:287a6e] [com.apple.WebKit:ProcessSuspension] 0x121115770 - [PID=39389, throttler=0x1210eccd0] ProcessThrottler::Activity::invalidate: Ending foreground activity / 'WebPageProxy::runJavaScriptInFrameInScriptWorld'
2026-04-29 15:29:45.255 Df ozi-rs[39342:287bc8] [com.apple.WebKit:Process] WebContent[39389] 0x73b420008 - [webPageID=36] WebPage::runJavaScriptInFrameInScriptWorld: Request to run JavaScript succeeded
2026-04-29 15:29:45.255 Df ozi-rs[39342:287bc8] [com.apple.WebKit:Process] WebContent[39389] 0x73b420008 - [webPageID=36] WebPage::runJavaScriptInFrameInScriptWorld: frameID=0
2026-04-29 15:29:45.255 Df ozi-rs[39342:287a6e] [com.apple.WebKit:ProcessSuspension] 0x1211157d0 - [PID=39389, throttler=0x1210eccd0] ProcessThrottler::Activity::invalidate: Ending foreground activity / 'WebPageProxy::runJavaScriptInFrameInScriptWorld'
2026-04-29 15:29:45.258 Df ozi-rs[39342:287bc8] [com.apple.WebKit:Process] WebContent[39389] 0x73b420008 - [webPageID=36] WebPage::runJavaScriptInFrameInScriptWorld: Request to run JavaScript succeeded
2026-04-29 15:29:45.258 Df ozi-rs[39342:287bc8] [com.apple.WebKit:Process] WebContent[39389] 0x73b420008 - [webPageID=36] WebPage::runJavaScriptInFrameInScriptWorld: frameID=0
2026-04-29 15:29:45.258 Df ozi-rs[39342:287a6e] [com.apple.WebKit:ProcessSuspension] 0x121115830 - [PID=39389, throttler=0x1210eccd0] ProcessThrottler::Activity::invalidate: Ending foreground activity / 'WebPageProxy::runJavaScriptInFrameInScriptWorld'
2026-04-29 15:29:45.262 Df ozi-rs[39342:287bc8] [com.apple.WebKit:Process] WebContent[39389] 0x73b420008 - [webPageID=36] WebPage::runJavaScriptInFrameInScriptWorld: Request to run JavaScript succeeded
2026-04-29 15:29:45.262 Df ozi-rs[39342:287bc8] [com.apple.WebKit:Process] WebContent[39389] 0x73b420008 - [webPageID=36] WebPage::runJavaScriptInFrameInScriptWorld: frameID=0
2026-04-29 15:29:45.262 Df ozi-rs[39342:287a6e] [com.apple.WebKit:ProcessSuspension] 0x121115890 - [PID=39389, throttler=0x1210eccd0] ProcessThrottler::Activity::invalidate: Ending foreground activity / 'WebPageProxy::runJavaScriptInFrameInScriptWorld'
2026-04-29 15:29:45.265 Df ozi-rs[39342:287bc8] [com.apple.WebKit:Process] WebContent[39389] 0x73b420008 - [webPageID=36] WebPage::runJavaScriptInFrameInScriptWorld: Request to run JavaScript succeeded
2026-04-29 15:29:45.265 Df ozi-rs[39342:287a6e] [com.apple.WebKit:ProcessSuspension] 0x1211158f0 - [PID=39389, throttler=0x1210eccd0] ProcessThrottler::Activity::invalidate: Ending foreground activity / 'WebPageProxy::runJavaScriptInFrameInScriptWorld'
2026-04-29 15:29:45.267 Df ozi-rs[39342:287bc8] [com.apple.WebKit:Process] WebContent[39389] 0x73b420008 - [webPageID=36] WebPage::runJavaScriptInFrameInScriptWorld: frameID=0
2026-04-29 15:29:45.270 Df ozi-rs[39342:287bc8] [com.apple.WebKit:Process] WebContent[39389] 0x73b420008 - [webPageID=36] WebPage::runJavaScriptInFrameInScriptWorld: Request to run JavaScript succeeded
2026-04-29 15:29:45.270 Df ozi-rs[39342:287bc8] [com.apple.WebKit:Process] WebContent[39389] 0x73b420008 - [webPageID=36] WebPage::runJavaScriptInFrameInScriptWorld: frameID=0
2026-04-29 15:29:45.270 Df ozi-rs[39342:287a6e] [com.apple.WebKit:ProcessSuspension] 0x121115950 - [PID=39389, throttler=0x1210eccd0] ProcessThrottler::Activity::invalidate: Ending foreground activity / 'WebPageProxy::runJavaScriptInFrameInScriptWorld'
2026-04-29 15:29:45.273 Df ozi-rs[39342:287bc8] [com.apple.WebKit:Process] WebContent[39389] 0x73b420008 - [webPageID=36] WebPage::runJavaScriptInFrameInScriptWorld: Request to run JavaScript succeeded
2026-04-29 15:29:45.273 Df ozi-rs[39342:287a6e] [com.apple.WebKit:ProcessSuspension] 0x1211159b0 - [PID=39389, throttler=0x1210eccd0] ProcessThrottler::Activity::invalidate: Ending foreground activity / 'WebPageProxy::runJavaScriptInFrameInScriptWorld'
2026-04-29 15:29:45.273 Df ozi-rs[39342:287bc8] [com.apple.WebKit:Process] WebContent[39389] 0x73b420008 - [webPageID=36] WebPage::runJavaScriptInFrameInScriptWorld: frameID=0
2026-04-29 15:29:45.276 Df ozi-rs[39342:287bc8] [com.apple.WebKit:Process] WebContent[39389] 0x73b420008 - [webPageID=36] WebPage::runJavaScriptInFrameInScriptWorld: Request to run JavaScript succeeded
2026-04-29 15:29:45.276 Df ozi-rs[39342:287a6e] [com.apple.WebKit:ProcessSuspension] 0x121115a10 - [PID=39389, throttler=0x1210eccd0] ProcessThrottler::Activity::invalidate: Ending foreground activity / 'WebPageProxy::runJavaScriptInFrameInScriptWorld'
2026-04-29 15:29:45.276 Df ozi-rs[39342:287bc8] [com.apple.WebKit:Process] WebContent[39389] 0x73b420008 - [webPageID=36] WebPage::runJavaScriptInFrameInScriptWorld: frameID=0
2026-04-29 15:29:45.280 Df ozi-rs[39342:287bc8] [com.apple.WebKit:Process] WebContent[39389] 0x73b420008 - [webPageID=36] WebPage::runJavaScriptInFrameInScriptWorld: Request to run JavaScript succeeded
2026-04-29 15:29:45.280 Df ozi-rs[39342:287bc8] [com.apple.WebKit:Process] WebContent[39389] 0x73b420008 - [webPageID=36] WebPage::runJavaScriptInFrameInScriptWorld: frameID=0
2026-04-29 15:29:45.280 Df ozi-rs[39342:287a6e] [com.apple.WebKit:ProcessSuspension] 0x121115a70 - [PID=39389, throttler=0x1210eccd0] ProcessThrottler::Activity::invalidate: Ending foreground activity / 'WebPageProxy::runJavaScriptInFrameInScriptWorld'
2026-04-29 15:29:45.283 Df ozi-rs[39342:287bc8] [com.apple.WebKit:Process] WebContent[39389] 0x73b420008 - [webPageID=36] WebPage::runJavaScriptInFrameInScriptWorld: Request to run JavaScript succeeded
2026-04-29 15:29:45.283 Df ozi-rs[39342:287bc8] [com.apple.WebKit:Process] WebContent[39389] 0x73b420008 - [webPageID=36] WebPage::runJavaScriptInFrameInScriptWorld: frameID=0
2026-04-29 15:29:45.283 Df ozi-rs[39342:287a6e] [com.apple.WebKit:ProcessSuspension] 0x121115ad0 - [PID=39389, throttler=0x1210eccd0] ProcessThrottler::Activity::invalidate: Ending foreground activity / 'WebPageProxy::runJavaScriptInFrameInScriptWorld'
2026-04-29 15:29:45.286 Df ozi-rs[39342:287bc8] [com.apple.WebKit:Process] WebContent[39389] 0x73b420008 - [webPageID=36] WebPage::runJavaScriptInFrameInScriptWorld: Request to run JavaScript succeeded
2026-04-29 15:29:45.286 Df ozi-rs[39342:287bc8] [com.apple.WebKit:Process] WebContent[39389] 0x73b420008 - [webPageID=36] WebPage::runJavaScriptInFrameInScriptWorld: frameID=0
2026-04-29 15:29:45.286 Df ozi-rs[39342:287a6e] [com.apple.WebKit:ProcessSuspension] 0x1211140c0 - [PID=39389, throttler=0x1210eccd0] ProcessThrottler::Activity::invalidate: Ending foreground activity / 'WebPageProxy::runJavaScriptInFrameInScriptWorld'
2026-04-29 15:29:45.289 Df ozi-rs[39342:287bc8] [com.apple.WebKit:Process] WebContent[39389] 0x73b420008 - [webPageID=36] WebPage::runJavaScriptInFrameInScriptWorld: Request to run JavaScript succeeded
2026-04-29 15:29:45.289 Df ozi-rs[39342:287bc8] [com.apple.WebKit:Process] WebContent[39389] 0x73b420008 - [webPageID=36] WebPage::runJavaScriptInFrameInScriptWorld: frameID=0
2026-04-29 15:29:45.289 Df ozi-rs[39342:287a6e] [com.apple.WebKit:ProcessSuspension] 0x121115b60 - [PID=39389, throttler=0x1210eccd0] ProcessThrottler::Activity::invalidate: Ending foreground activity / 'WebPageProxy::runJavaScriptInFrameInScriptWorld'
2026-04-29 15:29:45.292 Df ozi-rs[39342:287bc8] [com.apple.WebKit:Process] WebContent[39389] 0x73b420008 - [webPageID=36] WebPage::runJavaScriptInFrameInScriptWorld: Request to run JavaScript succeeded
2026-04-29 15:29:45.292 Df ozi-rs[39342:287bc8] [com.apple.WebKit:Process] WebContent[39389] 0x73b420008 - [webPageID=36] WebPage::runJavaScriptInFrameInScriptWorld: frameID=0
2026-04-29 15:29:45.292 Df ozi-rs[39342:287a6e] [com.apple.WebKit:ProcessSuspension] 0x121115bc0 - [PID=39389, throttler=0x1210eccd0] ProcessThrottler::Activity::invalidate: Ending foreground activity / 'WebPageProxy::runJavaScriptInFrameInScriptWorld'
2026-04-29 15:29:45.292 Df ozi-rs[39342:287bc8] [com.apple.WebKit:Process] WebContent[39389] 0x73b420008 - [webPageID=36] WebPage::runJavaScriptInFrameInScriptWorld: Request to run JavaScript succeeded
2026-04-29 15:29:45.292 Df ozi-rs[39342:287a6e] [com.apple.WebKit:ProcessSuspension] 0x121115c80 - [PID=39389, throttler=0x1210eccd0] ProcessThrottler::Activity::invalidate: Ending foreground activity / 'WebPageProxy::runJavaScriptInFrameInScriptWorld'
2026-04-29 15:29:45.413 Df ozi-rs[39342:287bc8] [com.apple.WebKit:Network] WebContent[39389]: [pageID=36, frameID=4294967298, resourceID=198] ResourceLoader::willSendRequestInternal: calling completion handler
2026-04-29 15:29:45.413 Df ozi-rs[39342:287bc8] [com.apple.WebKit:ResourceLoading] WebContent[39389]: [pageID=36, frameID=4294967298, resourceID=198 SubResourceLoader::willSendRequestInternal: resource load finished; calling completion handler
2026-04-29 15:29:45.413 Df ozi-rs[39342:287bc8] [com.apple.WebKit:Network] WebContent[39389] 0x10a0680e0 - [resourceLoader=0x10a2f66c0, frameLoader=0x10a0dce00, frame=0x10a030220, webPageID=36, frameID=4294967298, resourceID=198] WebLoaderStrategy::tryLoadingUsingURLSchemeHandler: URL will be handled by a UIProcess URL scheme handler
2026-04-29 15:29:45.413 Df ozi-rs[39342:287bc8] [com.apple.WebKit:Network] WebContent[39389] [schemeHandler=30, webPageID=36, frameID=4294967298, taskID=198] WebURLSchemeTaskProxy::startLoading
2026-04-29 15:29:45.449 Df ozi-rs[39342:287bc8] [com.apple.WebKit:Network] WebContent[39389] [schemeHandler=30, webPageID=36, frameID=4294967298, taskID=198] WebURLSchemeTaskProxy::didComplete
2026-04-29 15:29:45.449 Df ozi-rs[39342:287bc8] [com.apple.WebKit:ResourceLoading] WebContent[39389]: [pageID=36, frameID=4294967298, resourceID=198 SubResourceLoader::didFinishLoading
2026-04-29 15:29:45.472 A  ozi-rs[39342:287a6e] (AppKit) trackMouse send action on mouseUp
2026-04-29 15:29:45.472 A  ozi-rs[39342:287a6e] (AppKit) sendActionFrom:
2026-04-29 15:29:45.473 A  ozi-rs[39342:287a6e] (AppKit) sendAction:
2026-04-29 15:29:45.473 Df ozi-rs[39342:287a6e] [com.apple.AppKit:Window] window <TaoWindow: 0x980290500> windowNumber=43ad windowShouldClose: prevented close
2026-04-29 15:29:45.473 Df ozi-rs[39342:287a6e] [com.apple.WebKit:ProcessSuspension] 0x1211140c0 - [PID=39389, throttler=0x1210eccd0] ProcessThrottler::Activity::Activity: Starting foreground activity / 'WebPageProxy::runJavaScriptInFrameInScriptWorld'
2026-04-29 15:29:45.475 Df ozi-rs[39342:287bc8] [com.apple.WebKit:Process] WebContent[39389] 0x73b420008 - [webPageID=36] WebPage::runJavaScriptInFrameInScriptWorld: frameID=0
2026-04-29 15:29:45.475 Df ozi-rs[39342:287bc8] [com.apple.WebKit:Network] WebContent[39389]: [pageID=36, frameID=4294967298, resourceID=199] ResourceLoader::willSendRequestInternal: calling completion handler
2026-04-29 15:29:45.475 Df ozi-rs[39342:287bc8] [com.apple.WebKit:ResourceLoading] WebContent[39389]: [pageID=36, frameID=4294967298, resourceID=199 SubResourceLoader::willSendRequestInternal: resource load finished; calling completion handler
2026-04-29 15:29:45.475 Df ozi-rs[39342:287bc8] [com.apple.WebKit:Network] WebContent[39389] 0x10a0680e0 - [resourceLoader=0x10a2f7360, frameLoader=0x10a0dce00, frame=0x10a030220, webPageID=36, frameID=4294967298, resourceID=199] WebLoaderStrategy::tryLoadingUsingURLSchemeHandler: URL will be handled by a UIProcess URL scheme handler
2026-04-29 15:29:45.475 Df ozi-rs[39342:287bc8] [com.apple.WebKit:Network] WebContent[39389] [schemeHandler=30, webPageID=36, frameID=4294967298, taskID=199] WebURLSchemeTaskProxy::startLoading
2026-04-29 15:29:45.475 Df ozi-rs[39342:287bc8] [com.apple.WebKit:Process] WebContent[39389] 0x73b420008 - [webPageID=36] WebPage::runJavaScriptInFrameInScriptWorld: Request to run JavaScript succeeded
2026-04-29 15:29:45.476 Df ozi-rs[39342:287a6e] [com.apple.WebKit:ProcessSuspension] 0x1211140c0 - [PID=39389, throttler=0x1210eccd0] ProcessThrottler::Activity::invalidate: Ending foreground activity / 'WebPageProxy::runJavaScriptInFrameInScriptWorld'
2026-04-29 15:29:45.484 Df ozi-rs[39342:287a6e] [com.apple.WebKit:ActivityState] PageClientImpl 0x121000280 isViewVisible(): viewWindow 0x980ba8c80, window visible 1, view hidden 0, window occluded 0
2026-04-29 15:29:45.484 Df ozi-rs[39342:287a6e] [com.apple.WebKit:ActivityState] PageClientImpl 0x121000280 isViewVisible(): viewWindow 0x980ba8c80, window visible 1, view hidden 0, window occluded 0
2026-04-29 15:29:45.484 Df ozi-rs[39342:287a6e] [com.apple.WebKit:ActivityState] PageClientImpl 0x12131c180 isViewVisible(): viewWindow 0x980290500, window visible 0, view hidden 0, window occluded 0
2026-04-29 15:29:45.484 Df ozi-rs[39342:287a6e] [com.apple.WebKit:ViewState] 0x981e08e18 - [pageProxyID=35, webPageID=36, PID=39389] WebPageProxy::updateActivityState: view visibility state changed 1 -> 0
2026-04-29 15:29:45.484 Df ozi-rs[39342:287a6e] [com.apple.WebKit:ActivityState] PageClientImpl 0x12131c180 isViewVisible(): viewWindow 0x980290500, window visible 0, view hidden 0, window occluded 0
2026-04-29 15:29:45.484 Df ozi-rs[39342:287a6e] [com.apple.WebKit:ActivityState] PageClientImpl 0x12131c180 isViewVisible(): viewWindow 0x980290500, window visible 0, view hidden 0, window occluded 0
2026-04-29 15:29:45.484 Df ozi-rs[39342:287a6e] [com.apple.WebKit:ViewState] 0x981e08e18 - [pageProxyID=35, webPageID=36, PID=39389] WebPageProxy::viewIsBecomingInvisible:
2026-04-29 15:29:45.484 Df ozi-rs[39342:287a6e] [com.apple.WebKit:ScreenTime] Screen Time has updated to use the system shield for any blocked URL.
2026-04-29 15:29:45.484 Df ozi-rs[39342:287a6e] [com.apple.WebKit:ProcessSuspension] 0x981e08e18 - [pageProxyID=35, webPageID=36, PID=39389] WebPageProxy::updateThrottleState: UIProcess is releasing a foreground assertion because the view is no longer visible
2026-04-29 15:29:45.484 Df ozi-rs[39342:287a6e] [com.apple.WebKit:ProcessSuspension] 0x121114300 - [PID=39389, throttler=0x1210eccd0] ProcessThrottler::Activity::Activity: Starting background activity / 'View was recently visible'
2026-04-29 15:29:45.484 Df ozi-rs[39342:287a6e] [com.apple.WebKit:ProcessSuspension] 0x1211142a0 - [PID=39389, throttler=0x1210eccd0] ProcessThrottler::Activity::invalidate: Ending foreground activity / 'View is visible'
2026-04-29 15:29:45.484 Df ozi-rs[39342:287a6e] [com.apple.WebKit:ProcessSuspension] 0x1210eccd0 - [PID=39389] ProcessThrottler::setThrottleState: Updating process assertion type to 1 (foregroundActivities=0, backgroundActivities=2)
2026-04-29 15:29:45.484 Df ozi-rs[39342:287a6e] [com.apple.WebKit:ProcessSuspension] 0x1210ecc40 - [PID=39389] WebProcessProxy::didChangeThrottleState: type=1
2026-04-29 15:29:45.484 Df ozi-rs[39342:287a6e] [com.apple.WebKit:ProcessSuspension] 0x1210ecc40 - [PID=39389] WebProcessProxy::didChangeThrottleState(Background) Taking background assertion for network process
2026-04-29 15:29:45.484 Df ozi-rs[39342:287b60] [com.apple.WebKit:ProcessSuspension] 0x1211cc240 - ProcessAssertion::acquireSync Trying to take RBS assertion 'WebProcess Background Assertion' for process with PID=39389
2026-04-29 15:29:45.484 Df ozi-rs[39342:287bc8] [com.apple.WebKit:PerformanceLogging] WebContent[39387]: PerformanceMonitor::measureCPUUsageInActivityState: Process is using 1.0% CPU in state: <private>
2026-04-29 15:29:45.485 Df ozi-rs[39342:287b60] [com.apple.WebKit:ProcessSuspension] 0x1211cc240 - ProcessAssertion::acquireSync Successfully took RBS assertion 'WebProcess Background Assertion' for process with PID=39389
2026-04-29 15:29:45.527 Df ozi-rs[39342:287bc8] [com.apple.WebKit:Network] WebContent[39389] [schemeHandler=30, webPageID=36, frameID=4294967298, taskID=199] WebURLSchemeTaskProxy::didComplete
2026-04-29 15:29:45.527 Df ozi-rs[39342:287bc8] [com.apple.WebKit:ResourceLoading] WebContent[39389]: [pageID=36, frameID=4294967298, resourceID=199 SubResourceLoader::didFinishLoading
2026-04-29 15:29:45.747 Df ozi-rs[39342:287a6e] [com.apple.WebKit:ActivityState] PageClientImpl 0x12131c180 isViewVisible(): viewWindow 0x980290500, window visible 0, view hidden 0, window occluded 1
2026-04-29 15:29:45.747 Df ozi-rs[39342:287a6e] [com.apple.WebKit:ActivityState] PageClientImpl 0x12131c180 isViewVisible(): viewWindow 0x980290500, window visible 0, view hidden 0, window occluded 1
2026-04-29 15:29:45.747 Df ozi-rs[39342:287a6e] [com.apple.WebKit:ActivityState] PageClientImpl 0x12131c180 isViewVisible(): viewWindow 0x980290500, window visible 0, view hidden 0, window occluded 1
2026-04-29 15:29:45.747 Df ozi-rs[39342:287a6e] [com.apple.WebKit:ViewState] 0x981e08e18 - [pageProxyID=35, webPageID=36, PID=39389] WebPageProxy::viewIsBecomingInvisible:
2026-04-29 15:29:45.747 Df ozi-rs[39342:287a6e] [com.apple.WebKit:ScreenTime] Screen Time has updated to use the system shield for any blocked URL.
2026-04-29 15:29:45.978 A  ozi-rs[39342:287b60] (CoreSpotlight) end-index-batch
2026-04-29 15:29:45.978 A  ozi-rs[39342:287b60] (CoreSpotlight) index-items
2026-04-29 15:29:46.484 Df ozi-rs[39342:287a6e] [com.apple.WebKit:ProcessSuspension] 0x1211cc1e0 - ~ProcessAssertion: Releasing process assertion 'WebProcess Foreground Assertion' for process with PID=39389
2026-04-29 15:29:47.105 Df ozi-rs[39342:287b60] [com.apple.launchservices:db] NotifyToken::RegisterDispatch(user.uid.501.com.apple.LaunchServices.database) fired for session key <private>
2026-04-29 15:29:47.825 Df ozi-rs[39342:287bc8] [com.apple.WebKit:PerformanceLogging] WebContent[39387]: PerformanceMonitor::measurePostLoadMemoryUsage: Process was using 110282816 bytes of memory after the page load.
2026-04-29 15:29:48.201 Df ozi-rs[39342:287b57] [com.apple.launchservices:default] LSExceptions shared instance invalidated for timeout.
2026-04-29 15:29:52.171 Df ozi-rs[39342:287a6e] [com.apple.WebKit:Process] WebProcessPool::initializeAccessibility
2026-04-29 15:29:52.172 A  ozi-rs[39342:287a6e] (TCC) TCCAccessRequest() IPC
2026-04-29 15:29:52.172 Df ozi-rs[39342:287a6e] [com.apple.xpc:connection] [0x981de83c0] activating connection: mach=true listener=false peer=false name=com.apple.tccd.system
2026-04-29 15:29:52.200 Df ozi-rs[39342:287a6e] [com.apple.xpc:connection] [0x981de83c0] invalidated after the last release of the connection object
2026-04-29 15:29:52.202 Df ozi-rs[39342:287bc8] [com.apple.AppKit:AutomaticTermination] WebContent[39387] void _NSDisableAutomaticTerminationAndLog(NSString *) NSAccessibility Request Received
2026-04-29 15:29:52.216 Df ozi-rs[39342:287a6e] [com.apple.WebKit:Process] WebProcessPool::initializeAccessibility
2026-04-29 15:29:52.825 Df ozi-rs[39342:287bc8] [com.apple.WebKit:PerformanceLogging] WebContent[39387]: PerformanceMonitor::measurePostLoadCPUUsage: Process was using 2.2% CPU after the page load.
2026-04-29 15:29:54.074 Df ozi-rs[39342:287a6e] [com.apple.WebKit:ActivityState] PageClientImpl 0x121000280 isViewVisible(): viewWindow 0x980ba8c80, window visible 1, view hidden 0, window occluded 1
2026-04-29 15:29:54.074 Df ozi-rs[39342:287a6e] [com.apple.WebKit:ViewState] 0x981cac718 - [pageProxyID=7, webPageID=8, PID=39387] WebPageProxy::updateActivityState: view visibility state changed 1 -> 0
2026-04-29 15:29:54.074 Df ozi-rs[39342:287a6e] [com.apple.WebKit:ActivityState] PageClientImpl 0x121000280 isViewVisible(): viewWindow 0x980ba8c80, window visible 1, view hidden 0, window occluded 1
2026-04-29 15:29:54.074 Df ozi-rs[39342:287a6e] [com.apple.WebKit:ActivityState] PageClientImpl 0x121000280 isViewVisible(): viewWindow 0x980ba8c80, window visible 1, view hidden 0, window occluded 1
2026-04-29 15:29:54.074 Df ozi-rs[39342:287a6e] [com.apple.WebKit:ViewState] 0x981cac718 - [pageProxyID=7, webPageID=8, PID=39387] WebPageProxy::viewIsBecomingInvisible:
2026-04-29 15:29:54.074 Df ozi-rs[39342:287a6e] [com.apple.WebKit:ScreenTime] Screen Time has updated to use the system shield for any blocked URL.
2026-04-29 15:29:54.074 Df ozi-rs[39342:287a6e] [com.apple.WebKit:ProcessSuspension] 0x981cac718 - [pageProxyID=7, webPageID=8, PID=39387] WebPageProxy::updateThrottleState: UIProcess is releasing a foreground assertion because the view is no longer visible
2026-04-29 15:29:54.074 Df ozi-rs[39342:287a6e] [com.apple.WebKit:ProcessSuspension] 0x1211140f0 - [PID=39387, throttler=0x1210ec710] ProcessThrottler::Activity::Activity: Starting background activity / 'View was recently visible'
2026-04-29 15:29:54.074 Df ozi-rs[39342:287a6e] [com.apple.WebKit:ProcessSuspension] 0x1211145d0 - [PID=39387, throttler=0x1210ec710] ProcessThrottler::Activity::invalidate: Ending foreground activity / 'View is visible'
2026-04-29 15:29:54.074 Df ozi-rs[39342:287a6e] [com.apple.WebKit:ProcessSuspension] 0x1210ec710 - [PID=39387] ProcessThrottler::setThrottleState: Updating process assertion type to 1 (foregroundActivities=0, backgroundActivities=2)
2026-04-29 15:29:54.075 Df ozi-rs[39342:287a6e] [com.apple.WebKit:ProcessSuspension] 0x1210ec680 - [PID=39387] WebProcessProxy::didChangeThrottleState: type=1
2026-04-29 15:29:54.075 Df ozi-rs[39342:287a6e] [com.apple.WebKit:ProcessSuspension] 0x1210ec680 - [PID=39387] WebProcessProxy::didChangeThrottleState(Background) Taking background assertion for network process
2026-04-29 15:29:54.075 Df ozi-rs[39342:287a6e] [com.apple.WebKit:ProcessSuspension] 0x121114210 - [PID=39386, throttler=0x12111c190] ProcessThrottler::Activity::Activity: Starting background activity / 'Networking for background view(s)'
2026-04-29 15:29:54.075 Df ozi-rs[39342:287a6e] [com.apple.WebKit:ProcessSuspension] 0x1211144e0 - [PID=39386, throttler=0x12111c190] ProcessThrottler::Activity::invalidate: Ending foreground activity / 'Networking for foreground view(s)'
2026-04-29 15:29:54.075 Df ozi-rs[39342:287a6e] [com.apple.WebKit:ProcessSuspension] 0x121114240 - [PID=39385, throttler=0x121110280] ProcessThrottler::Activity::Activity: Starting background activity / 'GPU for background view(s)'
2026-04-29 15:29:54.075 Df ozi-rs[39342:287a6e] [com.apple.WebKit:ProcessSuspension] 0x121114510 - [PID=39385, throttler=0x121110280] ProcessThrottler::Activity::invalidate: Ending foreground activity / 'GPU for foreground view(s)'
2026-04-29 15:29:54.075 Df ozi-rs[39342:287b60] [com.apple.WebKit:ProcessSuspension] 0x1211cc1e0 - ProcessAssertion::acquireSync Trying to take RBS assertion 'WebProcess Background Assertion' for process with PID=39387
2026-04-29 15:29:54.077 Df ozi-rs[39342:287b60] [com.apple.WebKit:ProcessSuspension] 0x1211cc1e0 - ProcessAssertion::acquireSync Successfully took RBS assertion 'WebProcess Background Assertion' for process with PID=39387
2026-04-29 15:29:54.077 Df ozi-rs[39342:287bc8] [com.apple.WebKit:PerformanceLogging] WebContent[39387]: PerformanceMonitor::measureCPUUsageInActivityState: Process is using 2.3% CPU in state: <private>
2026-04-29 15:29:54.210 A  ozi-rs[39342:287b60] (RunningBoardServices) didChangeInheritances
2026-04-29 15:29:54.924 A  ozi-rs[39342:287bc3] (RunningBoardServices) didChangeInheritances
2026-04-29 15:29:55.076 Df ozi-rs[39342:287a6e] [com.apple.WebKit:ProcessSuspension] 0x1211cc180 - ~ProcessAssertion: Releasing process assertion 'WebProcess Foreground Assertion' for process with PID=39387
2026-04-29 15:29:55.177 Df ozi-rs[39342:287a6e] [com.apple.xpc:connection] [0x981de83c0] activating connection: mach=true listener=false peer=false name=com.apple.inputmethodkit.getxpcendpoint
2026-04-29 15:29:55.178 Df ozi-rs[39342:287a6e] [com.apple.WebKit:ProcessSwapping] 0x1210d00e0 - [PID=0] WebProcessCache::setApplicationIsActive: (isActive=0)
2026-04-29 15:29:55.178 Df ozi-rs[39342:287a6e] [com.apple.WebKit:ProcessSwapping] 0x1210d0150 - [PID=0] WebProcessCache::setApplicationIsActive: (isActive=0)
2026-04-29 15:29:55.178 Df ozi-rs[39342:287a6e] [com.apple.coremedia:] <<<< Alt >>>> fpSupport_GetVideoRangeForCoreDisplayWithPreference: displayID 1 reported potentialHeadRoom=16 wideColorSupported=YES marz=NO almd=NO deviceAllowsHDR=YES isBuiltinPanel=YES externalPanel=YES prefersHDR10=NO
2026-04-29 15:29:55.178 Df ozi-rs[39342:287a6e] [com.apple.coremedia:] <<<< Alt >>>> fpSupport_GetVideoRangeForCoreDisplayWithPreference: displayID 1 reported potentialHeadRoom=16 wideColorSupported=YES marz=NO almd=NO deviceAllowsHDR=YES isBuiltinPanel=YES externalPanel=YES prefersHDR10=NO
2026-04-29 15:29:55.181 Df ozi-rs[39342:287a6e] [com.apple.xpc:connection] [0x981de8780] activating connection: mach=false listener=false peer=false name=(anonymous)
2026-04-29 15:29:55.183 Df ozi-rs[39342:287a6e] [com.apple.inputmethodkitClient:Client] _TIPropertyValueIsValid called with 16 on nil context!
2026-04-29 15:29:55.183 Df ozi-rs[39342:287a6e] [com.apple.inputmethodkitClient:Client] imkxpc_getApplicationProperty:reply: called with incorrect property value 16, bailing.
2026-04-29 15:29:55.183 Df ozi-rs[39342:287a6e] [com.apple.inputmethodkitClient:Client] Text input context does not respond to _valueForTIProperty:
2026-04-29 15:29:55.184 Df ozi-rs[39342:287a6e] [com.apple.WebKit:ActivityState] PageClientImpl 0x12131c180 isViewVisible(): viewWindow 0x980290500, window visible 0, view hidden 0, window occluded 1
2026-04-29 15:29:55.184 Df ozi-rs[39342:287a6e] [com.apple.WebKit:ActivityState] PageClientImpl 0x12131c180 isViewVisible(): viewWindow 0x980290500, window visible 0, view hidden 0, window occluded 1
2026-04-29 15:29:55.184 Df ozi-rs[39342:287a6e] [com.apple.WebKit:ActivityState] PageClientImpl 0x12131c180 isViewVisible(): viewWindow 0x980290500, window visible 0, view hidden 0, window occluded 1
2026-04-29 15:29:55.184 Df ozi-rs[39342:287a6e] [com.apple.WebKit:ViewState] 0x981e08e18 - [pageProxyID=35, webPageID=36, PID=39389] WebPageProxy::viewIsBecomingInvisible:
2026-04-29 15:29:55.184 Df ozi-rs[39342:287a6e] [com.apple.WebKit:ScreenTime] Screen Time has updated to use the system shield for any blocked URL.
2026-04-29 15:29:55.184 Df ozi-rs[39342:287a6e] [com.apple.WebKit:ActivityState] PageClientImpl 0x121000280 isViewVisible(): viewWindow 0x980ba8c80, window visible 1, view hidden 0, window occluded 0
2026-04-29 15:29:55.184 Df ozi-rs[39342:287a6e] [com.apple.WebKit:ViewState] 0x981cac718 - [pageProxyID=7, webPageID=8, PID=39387] WebPageProxy::updateActivityState: view visibility state changed 0 -> 1
2026-04-29 15:29:55.184 Df ozi-rs[39342:287a6e] [com.apple.WebKit:ActivityState] PageClientImpl 0x121000280 isViewVisible(): viewWindow 0x980ba8c80, window visible 1, view hidden 0, window occluded 0
2026-04-29 15:29:55.184 Df ozi-rs[39342:287a6e] [com.apple.WebKit:ActivityState] PageClientImpl 0x121000280 isViewVisible(): viewWindow 0x980ba8c80, window visible 1, view hidden 0, window occluded 0
2026-04-29 15:29:55.184 Df ozi-rs[39342:287a6e] [com.apple.WebKit:ViewState] 0x981cac718 - [pageProxyID=7, webPageID=8, PID=39387] WebPageProxy::viewIsBecomingVisible:
2026-04-29 15:29:55.184 Df ozi-rs[39342:287a6e] [com.apple.WebKit:ScreenTime] Screen Time has updated to use the system shield for any blocked URL.
2026-04-29 15:29:55.184 Df ozi-rs[39342:287a6e] [com.apple.WebKit:ProcessSuspension] 0x981cac718 - [pageProxyID=7, webPageID=8, PID=39387] WebPageProxy::updateThrottleState: UIProcess is taking a foreground assertion because the view is visible
2026-04-29 15:29:55.184 Df ozi-rs[39342:287a6e] [com.apple.WebKit:ProcessSuspension] 0x1210ec710 - [PID=39387] ProcessThrottler::setThrottleState: Updating process assertion type to 3 (foregroundActivities=1, backgroundActivities=2)
2026-04-29 15:29:55.184 Df ozi-rs[39342:287a6e] [com.apple.WebKit:ProcessSuspension] 0x1210ec680 - [PID=39387] WebProcessProxy::didChangeThrottleState: type=2
2026-04-29 15:29:55.184 Df ozi-rs[39342:287a6e] [com.apple.WebKit:ProcessSuspension] 0x1210ec680 - [PID=39387] WebProcessProxy::didChangeThrottleState(Foreground) Taking foreground assertion for network process
2026-04-29 15:29:55.184 Df ozi-rs[39342:287a6e] [com.apple.WebKit:ProcessSuspension] 0x121114360 - [PID=39386, throttler=0x12111c190] ProcessThrottler::Activity::Activity: Starting foreground activity / 'Networking for foreground view(s)'
2026-04-29 15:29:55.184 Df ozi-rs[39342:287a6e] [com.apple.WebKit:ProcessSuspension] 0x121114210 - [PID=39386, throttler=0x12111c190] ProcessThrottler::Activity::invalidate: Ending background activity / 'Networking for background view(s)'
2026-04-29 15:29:55.184 Df ozi-rs[39342:287a6e] [com.apple.WebKit:ProcessSuspension] 0x121114390 - [PID=39385, throttler=0x121110280] ProcessThrottler::Activity::Activity: Starting foreground activity / 'GPU for foreground view(s)'
2026-04-29 15:29:55.184 Df ozi-rs[39342:287a6e] [com.apple.WebKit:ProcessSuspension] 0x121114240 - [PID=39385, throttler=0x121110280] ProcessThrottler::Activity::invalidate: Ending background activity / 'GPU for background view(s)'
2026-04-29 15:29:55.184 Df ozi-rs[39342:287b77] [com.apple.WebKit:ProcessSuspension] 0x1211cc180 - ProcessAssertion::acquireSync Trying to take RBS assertion 'WebProcess Foreground Assertion' for process with PID=39387
2026-04-29 15:29:55.184 Df ozi-rs[39342:287a6e] [com.apple.WebKit:ProcessSuspension] 0x1211142a0 - [PID=39387, throttler=0x1210ec710] ProcessThrottler::Activity::Activity: Starting foreground activity / 'View is visible'
2026-04-29 15:29:55.184 Df ozi-rs[39342:287a6e] [com.apple.WebKit:ProcessSuspension] 0x1211140f0 - [PID=39387, throttler=0x1210ec710] ProcessThrottler::Activity::invalidate: Ending background activity / 'View was recently visible'
2026-04-29 15:29:55.185 Df ozi-rs[39342:287bc8] [com.apple.WebKit:PerformanceLogging] WebContent[39387]: PerformanceMonitor::measureCPUUsageInActivityState: Process is using 0.4% CPU in state: <private>
2026-04-29 15:29:55.185 Df ozi-rs[39342:287a6e] [com.apple.WebKit:ViewState] 0x121164180 [pageProxyID=7, webPageID=8, PID=39387, DisplayID=1] RemoteLayerTreeDrawingAreaProxyMac::scheduleDisplayRefreshCallbacks
2026-04-29 15:29:55.186 Df ozi-rs[39342:287b77] [com.apple.WebKit:ProcessSuspension] 0x1211cc180 - ProcessAssertion::acquireSync Successfully took RBS assertion 'WebProcess Foreground Assertion' for process with PID=39387
2026-04-29 15:29:55.189 A  ozi-rs[39342:287b5a] (RunningBoardServices) didChangeInheritances
2026-04-29 15:29:55.190 A  ozi-rs[39342:287b77] (RunningBoardServices) didChangeInheritances
2026-04-29 15:29:55.193 Df ozi-rs[39342:287a6e] [com.apple.WebKit:ViewState] 0x121164180 [pageProxyID=7, webPageID=8, PID=39387, DisplayID=1] RemoteLayerTreeDrawingAreaProxyMac::didRefreshDisplay
2026-04-29 15:29:55.197 Df ozi-rs[39342:287bc8] [com.apple.WebKit:Network] WebContent[39387]: [pageID=8, frameID=4294967297, resourceID=563] ResourceLoader::willSendRequestInternal: calling completion handler
2026-04-29 15:29:55.197 Df ozi-rs[39342:287bc8] [com.apple.WebKit:ResourceLoading] WebContent[39387]: [pageID=8, frameID=4294967297, resourceID=563 SubResourceLoader::willSendRequestInternal: resource load finished; calling completion handler
2026-04-29 15:29:55.197 Df ozi-rs[39342:287bc8] [com.apple.WebKit:Network] WebContent[39387]: [webPageID=8, frameID=4294967297, resourceID=563] WebLoaderStrategy::scheduleLoad: URL will be scheduled with the NetworkProcess
2026-04-29 15:29:55.197 Df ozi-rs[39342:287bc8] [com.apple.WebKit:Network] WebContent[39387]: [webPageID=8, frameID=4294967297, resourceID=563] WebLoaderStrategy::scheduleLoad: Resource is being scheduled with the NetworkProcess (priority=2, existingNetworkResourceLoadIdentifierToResume=0)
2026-04-29 15:29:55.197 Df ozi-rs[39342:287bc8] [com.apple.WebKit:Network] WebContent[39387]: [webPageID=8, frameID=4294967297, resourceID=563] WebResourceLoader::WebResourceLoader
2026-04-29 15:29:55.197 Df ozi-rs[39342:287bc8] [com.apple.WebKit:Network] WebContent[39387]: [pageID=8, frameID=4294967297, resourceID=564] ResourceLoader::willSendRequestInternal: calling completion handler
2026-04-29 15:29:55.197 Df ozi-rs[39342:287bc8] [com.apple.WebKit:ResourceLoading] WebContent[39387]: [pageID=8, frameID=4294967297, resourceID=564 SubResourceLoader::willSendRequestInternal: resource load finished; calling completion handler
2026-04-29 15:29:55.197 Df ozi-rs[39342:287bc8] [com.apple.WebKit:Network] WebContent[39387]: [webPageID=8, frameID=4294967297, resourceID=564] WebLoaderStrategy::scheduleLoad: URL will be scheduled with the NetworkProcess
2026-04-29 15:29:55.197 Df ozi-rs[39342:287bc8] [com.apple.WebKit:Network] WebContent[39387]: [webPageID=8, frameID=4294967297, resourceID=564] WebLoaderStrategy::scheduleLoad: Resource is being scheduled with the NetworkProcess (priority=2, existingNetworkResourceLoadIdentifierToResume=0)
2026-04-29 15:29:55.197 Df ozi-rs[39342:287bc8] [com.apple.WebKit:Network] WebContent[39387]: [webPageID=8, frameID=4294967297, resourceID=564] WebResourceLoader::WebResourceLoader
2026-04-29 15:29:55.197 Df ozi-rs[39342:287bc8] [com.apple.WebKit:Network] WebContent[39387]: [pageID=8, frameID=4294967297, resourceID=565] ResourceLoader::willSendRequestInternal: calling completion handler
2026-04-29 15:29:55.197 Df ozi-rs[39342:287bc8] [com.apple.WebKit:ResourceLoading] WebContent[39387]: [pageID=8, frameID=4294967297, resourceID=565 SubResourceLoader::willSendRequestInternal: resource load finished; calling completion handler
2026-04-29 15:29:55.197 Df ozi-rs[39342:287bc8] [com.apple.WebKit:Network] WebContent[39387]: [webPageID=8, frameID=4294967297, resourceID=565] WebLoaderStrategy::scheduleLoad: URL will be scheduled with the NetworkProcess
2026-04-29 15:29:55.197 Df ozi-rs[39342:287bc8] [com.apple.WebKit:Network] WebContent[39387]: [webPageID=8, frameID=4294967297, resourceID=565] WebLoaderStrategy::scheduleLoad: Resource is being scheduled with the NetworkProcess (priority=2, existingNetworkResourceLoadIdentifierToResume=0)
2026-04-29 15:29:55.197 Df ozi-rs[39342:287bc8] [com.apple.WebKit:Network] WebContent[39387]: [webPageID=8, frameID=4294967297, resourceID=565] WebResourceLoader::WebResourceLoader
2026-04-29 15:29:55.197 Df ozi-rs[39342:287bc8] [com.apple.WebKit:Network] WebContent[39387]: [pageID=8, frameID=4294967297, resourceID=566] ResourceLoader::willSendRequestInternal: calling completion handler
2026-04-29 15:29:55.197 Df ozi-rs[39342:287bc8] [com.apple.WebKit:ResourceLoading] WebContent[39387]: [pageID=8, frameID=4294967297, resourceID=566 SubResourceLoader::willSendRequestInternal: resource load finished; calling completion handler
2026-04-29 15:29:55.197 Df ozi-rs[39342:287bc8] [com.apple.WebKit:Network] WebContent[39387]: [webPageID=8, frameID=4294967297, resourceID=566] WebLoaderStrategy::scheduleLoad: URL will be scheduled with the NetworkProcess
2026-04-29 15:29:55.197 Df ozi-rs[39342:287bc8] [com.apple.WebKit:Network] WebContent[39387]: [webPageID=8, frameID=4294967297, resourceID=566] WebLoaderStrategy::scheduleLoad: Resource is being scheduled with the NetworkProcess (priority=2, existingNetworkResourceLoadIdentifierToResume=0)
2026-04-29 15:29:55.197 Df ozi-rs[39342:287bc8] [com.apple.WebKit:Network] WebContent[39387]: [webPageID=8, frameID=4294967297, resourceID=566] WebResourceLoader::WebResourceLoader
2026-04-29 15:29:55.197 Df ozi-rs[39342:287bc8] [com.apple.WebKit:Network] WebContent[39387]: [pageID=8, frameID=4294967297, resourceID=567] ResourceLoader::willSendRequestInternal: calling completion handler
2026-04-29 15:29:55.197 Df ozi-rs[39342:287bc8] [com.apple.WebKit:ResourceLoading] WebContent[39387]: [pageID=8, frameID=4294967297, resourceID=567 SubResourceLoader::willSendRequestInternal: resource load finished; calling completion handler
2026-04-29 15:29:55.197 Df ozi-rs[39342:287bc8] [com.apple.WebKit:Network] WebContent[39387]: [webPageID=8, frameID=4294967297, resourceID=567] WebLoaderStrategy::scheduleLoad: URL will be scheduled with the NetworkProcess
2026-04-29 15:29:55.197 Df ozi-rs[39342:287bc8] [com.apple.WebKit:Network] WebContent[39387]: [webPageID=8, frameID=4294967297, resourceID=567] WebLoaderStrategy::scheduleLoad: Resource is being scheduled with the NetworkProcess (priority=2, existingNetworkResourceLoadIdentifierToResume=0)
2026-04-29 15:29:55.197 Df ozi-rs[39342:287bc8] [com.apple.WebKit:Network] WebContent[39387]: [webPageID=8, frameID=4294967297, resourceID=567] WebResourceLoader::WebResourceLoader
2026-04-29 15:29:55.197 Df ozi-rs[39342:287bc8] [com.apple.WebKit:Network] WebContent[39387]: [pageID=8, frameID=4294967297, resourceID=568] ResourceLoader::willSendRequestInternal: calling completion handler
2026-04-29 15:29:55.197 Df ozi-rs[39342:287bc8] [com.apple.WebKit:ResourceLoading] WebContent[39387]: [pageID=8, frameID=4294967297, resourceID=568 SubResourceLoader::willSendRequestInternal: resource load finished; calling completion handler
2026-04-29 15:29:55.197 Df ozi-rs[39342:287bc8] [com.apple.WebKit:Network] WebContent[39387]: [webPageID=8, frameID=4294967297, resourceID=568] WebLoaderStrategy::scheduleLoad: URL will be scheduled with the NetworkProcess
2026-04-29 15:29:55.197 Df ozi-rs[39342:287bc8] [com.apple.WebKit:Network] WebContent[39387]: [webPageID=8, frameID=4294967297, resourceID=568] WebLoaderStrategy::scheduleLoad: Resource is being scheduled with the NetworkProcess (priority=2, existingNetworkResourceLoadIdentifierToResume=0)
2026-04-29 15:29:55.197 Df ozi-rs[39342:287bc8] [com.apple.WebKit:Network] WebContent[39387]: [webPageID=8, frameID=4294967297, resourceID=568] WebResourceLoader::WebResourceLoader
2026-04-29 15:29:55.197 Df ozi-rs[39342:287bc8] [com.apple.WebKit:Network] WebContent[39387]: [pageID=8, frameID=4294967297, resourceID=569] ResourceLoader::willSendRequestInternal: calling completion handler
2026-04-29 15:29:55.197 Df ozi-rs[39342:287bc8] [com.apple.WebKit:ResourceLoading] WebContent[39387]: [pageID=8, frameID=4294967297, resourceID=569 SubResourceLoader::willSendRequestInternal: resource load finished; calling completion handler
2026-04-29 15:29:55.197 Df ozi-rs[39342:287bc8] [com.apple.WebKit:Network] WebContent[39387]: [webPageID=8, frameID=4294967297, resourceID=569] WebLoaderStrategy::scheduleLoad: URL will be scheduled with the NetworkProcess
2026-04-29 15:29:55.197 Df ozi-rs[39342:287bc8] [com.apple.WebKit:Network] WebContent[39387]: [webPageID=8, frameID=4294967297, resourceID=569] WebLoaderStrategy::scheduleLoad: Resource is being scheduled with the NetworkProcess (priority=2, existingNetworkResourceLoadIdentifierToResume=0)
2026-04-29 15:29:55.197 Df ozi-rs[39342:287bc8] [com.apple.WebKit:Network] WebContent[39387]: [webPageID=8, frameID=4294967297, resourceID=569] WebResourceLoader::WebResourceLoader
2026-04-29 15:29:55.197 Df ozi-rs[39342:287bc8] [com.apple.WebKit:Network] WebContent[39387]: [pageID=8, frameID=4294967297, resourceID=570] ResourceLoader::willSendRequestInternal: calling completion handler
2026-04-29 15:29:55.197 Df ozi-rs[39342:287bc8] [com.apple.WebKit:ResourceLoading] WebContent[39387]: [pageID=8, frameID=4294967297, resourceID=570 SubResourceLoader::willSendRequestInternal: resource load finished; calling completion handler
2026-04-29 15:29:55.197 Df ozi-rs[39342:287bc8] [com.apple.WebKit:Network] WebContent[39387]: [webPageID=8, frameID=4294967297, resourceID=570] WebLoaderStrategy::scheduleLoad: URL will be scheduled with the NetworkProcess
2026-04-29 15:29:55.197 Df ozi-rs[39342:287bc8] [com.apple.WebKit:Network] WebContent[39387]: [webPageID=8, frameID=4294967297, resourceID=570] WebLoaderStrategy::scheduleLoad: Resource is being scheduled with the NetworkProcess (priority=2, existingNetworkResourceLoadIdentifierToResume=0)
2026-04-29 15:29:55.197 Df ozi-rs[39342:287bc8] [com.apple.WebKit:Network] WebContent[39387]: [webPageID=8, frameID=4294967297, resourceID=570] WebResourceLoader::WebResourceLoader
2026-04-29 15:29:55.197 Df ozi-rs[39342:287bc8] [com.apple.WebKit:Network] WebContent[39387]: [pageID=8, frameID=4294967297, resourceID=571] ResourceLoader::willSendRequestInternal: calling completion handler
2026-04-29 15:29:55.197 Df ozi-rs[39342:287bc8] [com.apple.WebKit:ResourceLoading] WebContent[39387]: [pageID=8, frameID=4294967297, resourceID=571 SubResourceLoader::willSendRequestInternal: resource load finished; calling completion handler
2026-04-29 15:29:55.197 Df ozi-rs[39342:287bc8] [com.apple.WebKit:Network] WebContent[39387]: [webPageID=8, frameID=4294967297, resourceID=571] WebLoaderStrategy::scheduleLoad: URL will be scheduled with the NetworkProcess
2026-04-29 15:29:55.197 Df ozi-rs[39342:287bc8] [com.apple.WebKit:Network] WebContent[39387]: [webPageID=8, frameID=4294967297, resourceID=571] WebLoaderStrategy::scheduleLoad: Resource is being scheduled with the NetworkProcess (priority=2, existingNetworkResourceLoadIdentifierToResume=0)
2026-04-29 15:29:55.197 Df ozi-rs[39342:287bc8] [com.apple.WebKit:Network] WebContent[39387]: [webPageID=8, frameID=4294967297, resourceID=571] WebResourceLoader::WebResourceLoader
2026-04-29 15:29:55.198 Df ozi-rs[39342:287bc8] [com.apple.WebKit:Network] WebContent[39387]: [pageID=8, frameID=4294967297, resourceID=572] ResourceLoader::willSendRequestInternal: calling completion handler
2026-04-29 15:29:55.198 Df ozi-rs[39342:287bc8] [com.apple.WebKit:ResourceLoading] WebContent[39387]: [pageID=8, frameID=4294967297, resourceID=572 SubResourceLoader::willSendRequestInternal: resource load finished; calling completion handler
2026-04-29 15:29:55.198 Df ozi-rs[39342:287bc8] [com.apple.WebKit:Network] WebContent[39387]: [webPageID=8, frameID=4294967297, resourceID=572] WebLoaderStrategy::scheduleLoad: URL will be scheduled with the NetworkProcess
2026-04-29 15:29:55.198 Df ozi-rs[39342:287bc8] [com.apple.WebKit:Network] WebContent[39387]: [webPageID=8, frameID=4294967297, resourceID=572] WebLoaderStrategy::scheduleLoad: Resource is being scheduled with the NetworkProcess (priority=2, existingNetworkResourceLoadIdentifierToResume=0)
2026-04-29 15:29:55.198 Df ozi-rs[39342:287bc8] [com.apple.WebKit:Network] WebContent[39387]: [webPageID=8, frameID=4294967297, resourceID=572] WebResourceLoader::WebResourceLoader
2026-04-29 15:29:55.198 Df ozi-rs[39342:287bc8] [com.apple.WebKit:Network] WebContent[39387]: [pageID=8, frameID=4294967297, resourceID=573] ResourceLoader::willSendRequestInternal: calling completion handler
2026-04-29 15:29:55.198 Df ozi-rs[39342:287bc8] [com.apple.WebKit:ResourceLoading] WebContent[39387]: [pageID=8, frameID=4294967297, resourceID=573 SubResourceLoader::willSendRequestInternal: resource load finished; calling completion handler
2026-04-29 15:29:55.198 Df ozi-rs[39342:287bc8] [com.apple.WebKit:Network] WebContent[39387]: [webPageID=8, frameID=4294967297, resourceID=573] WebLoaderStrategy::scheduleLoad: URL will be scheduled with the NetworkProcess
